---
http_interactions:
- request:
    method: post
    uri: http://<USERNAME>:<PASSWORD>@rmsws.yieldstar.com/rmsws/AppExchange
    body:
      encoding: US-ASCII
      string: <?xml version="1.0" encoding="UTF-8"?><env:Envelope xmlns:xsd="http://www.w3.org/2001/XMLSchema"
        xmlns:xsi="http://www.w3.org/2001/XMLSchema-instance" xmlns:wsdl="http://yieldstar.com/ws/AppExchange/v1"
        xmlns:env="http://schemas.xmlsoap.org/soap/envelope/"><env:Body><wsdl:getProperties><wsdl:request><wsdl:clientName>bozzuto</wsdl:clientName></wsdl:request></wsdl:getProperties></env:Body></env:Envelope>
    headers:
      Soapaction:
      - '"getProperties"'
      Content-Type:
      - text/xml;charset=UTF-8
      Content-Length:
      - '405'
      Accept:
      - '*/*'
      User-Agent:
      - Ruby
  response:
    status:
      code: 200
      message: OK
    headers:
      Server:
      - Apache-Coyote/1.1
      Content-Type:
      - text/xml;charset=utf-8
      Transfer-Encoding:
      - chunked
      Date:
      - Fri, 08 Aug 2014 06:29:51 GMT
    body:
      encoding: US-ASCII
      string: <?xml version="1.0" ?><S:Envelope xmlns:S="http://schemas.xmlsoap.org/soap/envelope/"><S:Body><getPropertiesResponse
        xmlns="http://yieldstar.com/ws/AppExchange/v1"><return><property><externalPropertyId>00000427</externalPropertyId><name>The
        Newseum Residences</name><address>565 Pennsylvania Avenue NW</address><city>Washington</city><state>DC</state><zip>20001-0000</zip><longitude>-77.019208</longitude><latitude>38.892756</latitude><phone></phone><fax></fax><website></website><yearBuilt>2013</yearBuilt></property><property><externalPropertyId>120300</externalPropertyId><name>Elevation
        at Washington Gateway</name><address>100 Florida Avenue NE</address><city>Washington</city><state>DC</state><zip>20002-0000</zip><longitude>-77.005761</longitude><latitude>38.909563</latitude><phone>202-888-2344</phone><fax></fax><website></website><yearBuilt>2014</yearBuilt></property><property><externalPropertyId>00000068</externalPropertyId><name>The
        Promenade</name><address>1001 Aliceanna Street</address><city>Baltimore</city><state>MD</state><zip>21202-0000</zip><longitude>-76.599696</longitude><latitude>39.283119</latitude><phone></phone><fax></fax><website></website><yearBuilt>2013</yearBuilt></property><property><externalPropertyId>000000m2</externalPropertyId><name>Masons
        Keepe</name><address>9000 Landings Dr</address><city>Manassas</city><state>VA</state><zip>20109-0000</zip><longitude>-77.503574</longitude><latitude>38.762612</latitude><phone></phone><fax></fax><website></website><yearBuilt>2013</yearBuilt></property><property><externalPropertyId>00000082</externalPropertyId><name>Regents
        Park</name><address>9333 Clocktower Pl</address><city>Fairfax</city><state>VA</state><zip>22031-0000</zip><longitude>-77.268127</longitude><latitude>38.873121</latitude><phone></phone><fax></fax><website></website><yearBuilt>2013</yearBuilt></property><property><externalPropertyId>00000442</externalPropertyId><name>Rosemary
        Ridge Apartments II</name><address>10901 Wild Ginger Cir</address><city>Manassas</city><state>VA</state><zip>20109-0000</zip><longitude>-77.522500</longitude><latitude>38.790800</latitude><phone></phone><fax></fax><website></website><yearBuilt>2014</yearBuilt></property><property><externalPropertyId>00000549</externalPropertyId><name>Palette
        at Arts District</name><address>5501 45th Ave</address><city>Hyattsville</city><state>MD</state><zip>20781-0000</zip><longitude>-76.938967</longitude><latitude>38.955609</latitude><phone>240-770-1768</phone><fax></fax><website></website><yearBuilt>2013</yearBuilt></property><property><externalPropertyId>00000553</externalPropertyId><name>Highland
        Park West</name><address>1400 Irving St NW</address><city>Washington</city><state>DC</state><zip>20010
        </zip><longitude>-77.032826</longitude><latitude>38.928667</latitude><phone></phone><fax></fax><website></website><yearBuilt>0</yearBuilt></property><property><externalPropertyId>000000k8</externalPropertyId><name>Spinnaker
        Bay Apartments</name><address>1707 President Street</address><city>Baltimore</city><state>MD</state><zip>21202-0000</zip><longitude>-76.645034</longitude><latitude>39.305196</latitude><phone></phone><fax></fax><website></website><yearBuilt>2013</yearBuilt></property><property><externalPropertyId>F21430</externalPropertyId><name>The
        Village at Taylor Pond</name><address>3000 Taylor Pond Ln</address><city>Bedford</city><state>MA</state><zip>01730-0000</zip><longitude>-71.238410</longitude><latitude>42.515112</latitude><phone></phone><fax></fax><website></website><yearBuilt>2008</yearBuilt></property><property><externalPropertyId>00000451</externalPropertyId><name>Highland
        Park</name><address>1400 Irving St NW</address><city>Washington</city><state>DC</state><zip>20010
        </zip><longitude>-77.032826</longitude><latitude>38.928667</latitude><phone></phone><fax></fax><website></website><yearBuilt>0</yearBuilt></property><property><externalPropertyId>2015879</externalPropertyId><name>Red
        Run</name><address>4300 Flint Hill Dr</address><city>Owings Mills</city><state>MD</state><zip>21117</zip><longitude>-76.804771</longitude><latitude>39.401464</latitude><phone></phone><fax></fax><website></website><yearBuilt>2009</yearBuilt></property><property><externalPropertyId>00000602</externalPropertyId><name>INSTRATA
        Pentagon City</name><address>901 S. 15th St</address><city>Arlington</city><state>VA</state><zip>22202-0000</zip><longitude>-77.061570</longitude><latitude>38.860861</latitude><phone></phone><fax></fax><website></website><yearBuilt>2013</yearBuilt></property><property><externalPropertyId>00000095</externalPropertyId><name>Strathmore
        Court</name><address>5440 Marinelli Rd.</address><city>North Bethesda</city><state>MD</state><zip>20852-2500</zip><longitude>-77.108725</longitude><latitude>39.047457</latitude><phone>3014865460</phone><fax></fax><website></website><yearBuilt>2012</yearBuilt></property><property><externalPropertyId>00000444</externalPropertyId><name>Upstairs
        at Bethesda Row</name><address>7131 Arlington Road</address><city>Bethesda</city><state>MD</state><zip>20814-0000</zip><longitude>-77.098621</longitude><latitude>38.981262</latitude><phone></phone><fax></fax><website></website><yearBuilt>2012</yearBuilt></property><property><externalPropertyId>00000523</externalPropertyId><name>The
        Monterey</name><address>5901 Montrose Road</address><city>Rockville</city><state>MD</state><zip>20852-0000</zip><longitude>-77.119816</longitude><latitude>39.053077</latitude><phone></phone><fax></fax><website></website><yearBuilt>2013</yearBuilt></property><property><externalPropertyId>00000015</externalPropertyId><name>Jefferson
        at Fair Oaks</name><address>4201 Jefferson Oaks Circle</address><city>Fairfax</city><state>VA</state><zip>22033-0000</zip><phone></phone><fax></fax><website></website><yearBuilt>2012</yearBuilt></property><property><externalPropertyId>F24010</externalPropertyId><name>Regatta
        Apartments</name><address>1000 Regatta Circle</address><city>Norristown</city><state>PA</state><zip>19401-0000</zip><longitude>-75.324500</longitude><latitude>40.111300</latitude><phone></phone><fax></fax><website></website><yearBuilt>2013</yearBuilt></property><property><externalPropertyId>00000466</externalPropertyId><name>Halstead
        Arlington</name><address>1028 S Walter Reed Dr</address><city>Arlington</city><state>VA</state><zip>22204-0000</zip><longitude>-77.087226</longitude><latitude>38.862158</latitude><phone>703-486-1028</phone><fax></fax><website></website><yearBuilt>2008</yearBuilt></property><property><externalPropertyId>00000525</externalPropertyId><name>McHenry
        Row</name><address>1700 Whetstone Way</address><city>Baltimore</city><state>MD</state><zip>21230</zip><longitude>-76.599948</longitude><latitude>39.268915</latitude><phone>4103437640</phone><fax></fax><website></website><yearBuilt>2011</yearBuilt></property><property><externalPropertyId>00000457</externalPropertyId><name>MetroPointe</name><address>11175
        Georgia Avenue</address><city>Wheaton</city><state>MD</state><zip>20902-4605</zip><longitude>-77.050438</longitude><latitude>39.038186</latitude><phone>3019334973</phone><fax></fax><website></website><yearBuilt>2012</yearBuilt></property><property><externalPropertyId>00000560</externalPropertyId><name>Monroe
        Street Market - Brookland Works</name><address>716 Monroe St NE</address><city>Washington</city><state>DC</state><zip>20017
        </zip><longitude>-76.995854</longitude><latitude>38.932511</latitude><phone></phone><fax></fax><website></website><yearBuilt>0</yearBuilt></property><property><externalPropertyId>00000599</externalPropertyId><name>Observer
        Park</name><address>51 Garden Street</address><city>Hoboken</city><state>NJ</state><zip>07030</zip><longitude>-74.032812</longitude><latitude>40.736627</latitude><phone>201-798-7007</phone><fax></fax><website></website><yearBuilt>2009</yearBuilt></property><property><externalPropertyId>00000564</externalPropertyId><name>Flats
        130 at Constitution Square Phase 2</name><address>140 M St NE</address><city>Washington</city><state>DC</state><zip>20002
        </zip><longitude>-77.004578</longitude><latitude>38.905788</latitude><phone>(202)
        682-2787</phone><fax></fax><website></website><yearBuilt>0</yearBuilt></property><property><externalPropertyId>2015540</externalPropertyId><name>Estates,The</name><address>1601
        Hutzler Lane</address><city>Pikesville</city><state>MD</state><zip>21208</zip><longitude>-76.728231</longitude><latitude>39.376595</latitude><yearBuilt>2009</yearBuilt></property><property><externalPropertyId>00000537</externalPropertyId><name>Flats
        130 at Constitution Square Phase 1</name><address>130 M St NE</address><city>Washington</city><state>DC</state><zip>20002
        </zip><longitude>-77.004848</longitude><latitude>38.905785</latitude><phone>(202)
        682-2787</phone><fax></fax><website></website><yearBuilt>0</yearBuilt></property><property><externalPropertyId>00000567</externalPropertyId><name>Flats170
        at Academy Yard</name><address>8313 Telegraph Rd</address><city>Odenton</city><state>MD</state><zip>21113-0000</zip><longitude>-76.696011</longitude><latitude>39.091780</latitude><phone></phone><fax></fax><website></website><yearBuilt>2013</yearBuilt></property><property><externalPropertyId>00000536</externalPropertyId><name>Flats
        at Atlas</name><address>1600 Maryland Ave NE</address><city>Washington</city><state>DC</state><zip>20002-0000</zip><longitude>-76.981256</longitude><latitude>38.901176</latitude><phone></phone><fax></fax><website></website><yearBuilt>2012</yearBuilt></property><property><externalPropertyId>00000587</externalPropertyId><name>Halstead
        Tewksbury</name><address>3105 Archstone Ave</address><city>Tewksbury</city><state>MA</state><zip>01876-0000</zip><longitude>-71.239563</longitude><latitude>42.616903</latitude><phone>978-640-9281</phone><fax></fax><website></website><yearBuilt>2001</yearBuilt></property><property><externalPropertyId>00000435</externalPropertyId><name>Rosemary
        Ridge Apartments I</name><address>10901 Wild Ginger Cir</address><city>Manassas</city><state>VA</state><zip>20109-0000</zip><longitude>-77.522500</longitude><latitude>38.790800</latitude><phone>703-551-2090</phone><fax></fax><website></website><yearBuilt>2005</yearBuilt></property><property><externalPropertyId>00000581</externalPropertyId><name>7th
        Flats</name><address>1825 7th St NW</address><city>Washington</city><state>DC</state><zip>20001</zip><longitude>-77.021738</longitude><latitude>38.914611</latitude><phone></phone><fax></fax><website></website><yearBuilt>2013</yearBuilt></property><property><externalPropertyId>00000609</externalPropertyId><name>PerSei
        at Pike and Rose</name><address>11800 Rockville Pike</address><city>Rockville</city><state>MD</state><zip>20852-0000</zip><longitude>-77.115144</longitude><latitude>39.050368</latitude><phone></phone><fax></fax><website></website><yearBuilt>2014</yearBuilt></property><property><externalPropertyId>00000598</externalPropertyId><name>The
        Crest at Fort lee</name><address>900 Crest Lane</address><city>Fort Lee</city><state>NJ</state><zip>07024-0000</zip><longitude>-73.971171</longitude><latitude>40.865332</latitude><phone></phone><fax></fax><website></website><yearBuilt>2013</yearBuilt></property><property><externalPropertyId>00000026</externalPropertyId><name>The
        Metropolitan</name><address>7620 Old Georgetown Road</address><city>Bethesda</city><state>MD</state><zip>20814-6150</zip><longitude>-77.096060</longitude><latitude>38.985695</latitude><phone>3016521555</phone><fax></fax><website></website><yearBuilt>2012</yearBuilt></property><property><externalPropertyId>00000527</externalPropertyId><name>Rhode
        Island Row</name><address>2300 Washington Place, NE </address><city>Washington</city><state>DC</state><zip>20018</zip><longitude>-76.991300</longitude><latitude>38.919500</latitude><phone>2025953679</phone><fax></fax><website></website><yearBuilt>2013</yearBuilt></property><property><externalPropertyId>00000519</externalPropertyId><name>1500
        Locust</name><address>1500 Locust St</address><city>Philadelphia</city><state>PA</state><zip>19102-0000</zip><longitude>-75.166437</longitude><latitude>39.948290</latitude><phone>215-893-0800</phone><fax></fax><website></website><yearBuilt>1972</yearBuilt></property><property><externalPropertyId>00000512</externalPropertyId><name>The
        Residences on the Avenue</name><address>2221 I St. NW</address><city>Washington</city><state>DC</state><zip>20037-2241</zip><longitude>-77.049206</longitude><latitude>38.900817</latitude><phone>2027470081</phone><fax></fax><website></website><yearBuilt>2012</yearBuilt></property><property><externalPropertyId>00000555</externalPropertyId><name>Halstead
        Dulles</name><address>13161 Fox Hunt Ln</address><city>Herndon</city><state>VA</state><zip>20171-0000</zip><longitude>-77.401907</longitude><latitude>38.949613</latitude><phone>703-787-0707</phone><fax></fax><website></website><yearBuilt>2004</yearBuilt></property><property><externalPropertyId>00000601</externalPropertyId><name>Halstead
        New Rochelle</name><address>40 Memorial Hwy</address><city>New Rochelle</city><state>NY</state><zip>10801-0000</zip><longitude>-73.783495</longitude><latitude>40.909934</latitude><phone>914-712-0501</phone><fax></fax><website></website><yearBuilt>2007</yearBuilt></property><property><externalPropertyId>00000515</externalPropertyId><name>Sterling
        Parc at Hanover</name><address>2101 Glen Drive</address><city>Cedar Knolls</city><state>NJ</state><zip>07927-1319</zip><longitude>-74.445200</longitude><latitude>40.823300</latitude><phone></phone><fax></fax><website></website><yearBuilt>2012</yearBuilt></property><property><externalPropertyId>00000616</externalPropertyId><name>77H</name><address>77
        H St NW</address><city>Washington</city><state>DC</state><zip>20002</zip><longitude>-77.011628</longitude><latitude>38.900347</latitude><phone></phone><fax></fax><website></website><yearBuilt>2013</yearBuilt></property><property><externalPropertyId>00000614</externalPropertyId><name>800
        Madison</name><address>800 Madison St</address><city>Hoboken</city><state>NJ</state><zip>07030-0000</zip><longitude>-74.036696</longitude><latitude>40.747643</latitude><phone>201-798-5058</phone><fax></fax><website></website><yearBuilt>2007</yearBuilt></property><property><externalPropertyId>00000504</externalPropertyId><name>Concord
        Park</name><address>7903 Orion Circle</address><city>Laurel</city><state>MD</state><zip>20724-0000</zip><longitude>-76.794754</longitude><latitude>39.107590</latitude><phone>301-617-0000</phone><fax></fax><website></website><yearBuilt>2013</yearBuilt></property><property><externalPropertyId>2015526</externalPropertyId><name>Riverstone</name><address>4700
        Riverstone Drive</address><city>Owing Mills</city><state>MD</state><zip>21117</zip><longitude>-76.804800</longitude><latitude>39.402700</latitude><phone></phone><fax></fax><website></website><yearBuilt>2009</yearBuilt></property><property><externalPropertyId>00000579</externalPropertyId><name>The
        Apartments at CityCenter</name><address>825 and 875 Tenth Street NW</address><city>Washington</city><state>DC</state><zip>20001-0000</zip><longitude>-77.025821</longitude><latitude>38.901941</latitude><phone>202-888-2380</phone><fax></fax><website></website><yearBuilt>2013</yearBuilt></property><property><externalPropertyId>00000554</externalPropertyId><name>The
        Beacon at Waugh Chapel</name><address>1433 S Main Chapel Way</address><city>Gambrills</city><state>MD</state><zip>21054-0000</zip><longitude>-76.686582</longitude><latitude>39.033193</latitude><phone>410-721-2760</phone><fax></fax><website></website><yearBuilt>2013</yearBuilt></property><property><externalPropertyId>75200</externalPropertyId><name>Alta
        Chesapeake Ridge</name><address>101 Chesapeake Ridge Ln</address><city>North
        East</city><state>MD</state><zip>21901-0000</zip><longitude>-75.952800</longitude><latitude>39.623600</latitude><phone></phone><fax></fax><website></website><yearBuilt>2008</yearBuilt></property><property><externalPropertyId>00000438</externalPropertyId><name>Arbors
        at Arundel Preserve</name><address>2109 Piney Branch Circle</address><city>Hanover</city><state>MD</state><zip>21076-0000</zip><longitude>-76.699700</longitude><latitude>39.141900</latitude><phone></phone><fax></fax><website></website><yearBuilt>2012</yearBuilt></property><property><externalPropertyId>00000535</externalPropertyId><name>Cameron
        Court of Alexandria</name><address>2700 Williamsburg St</address><city>Alexandria</city><state>VA</state><zip>22314-5803</zip><longitude>-77.079532</longitude><latitude>38.803044</latitude><phone>7035675399</phone><fax></fax><website></website><yearBuilt>2012</yearBuilt></property><property><externalPropertyId>00000574</externalPropertyId><name>City
        Market At O Street</name><address>800 P St NW</address><city>Washington</city><state>DC</state><zip>20002</zip><longitude>-77.023240</longitude><latitude>38.908817</latitude><phone></phone><fax></fax><website></website><yearBuilt>2013</yearBuilt></property><property><externalPropertyId>00000409</externalPropertyId><name>Concord
        Crystal City</name><address>2600 Crystal Drive</address><city>Arlington</city><state>VA</state><zip>22202</zip><longitude>-77.050845</longitude><latitude>38.849908</latitude><phone>7034166555</phone><fax></fax><website></website><yearBuilt>2013</yearBuilt></property><property><externalPropertyId>00000580</externalPropertyId><name>Halstead
        White Plains</name><address>34 S Lexington Ave</address><city>White Plains</city><state>NY</state><zip>10606-0000</zip><longitude>-73.772358</longitude><latitude>41.030795</latitude><phone>914-220-5700</phone><fax></fax><website></website><yearBuilt>1986</yearBuilt></property><property><externalPropertyId>2015536</externalPropertyId><name>Park
        Place at Van Dorn</name><address>6001 Archstone Way</address><city>Alexanderia</city><state>VA</state><zip>22310</zip><longitude>-77.138700</longitude><latitude>38.790800</latitude><phone></phone><fax></fax><website></website><yearBuilt>2009</yearBuilt></property><property><externalPropertyId>00000471</externalPropertyId><name>Park
        Place @ Petworth Metro</name><address>850 Quincy St. NW</address><city>Washington</city><state>DC</state><zip>20011</zip><longitude>-77.024802</longitude><latitude>38.937454</latitude><phone>2027220080</phone><fax></fax><website></website><yearBuilt>2013</yearBuilt></property><property><externalPropertyId>00000561</externalPropertyId><name>Monroe
        Street Market - Portland Flats</name><address>655 Michigan Ave NE</address><city>Washington</city><state>DC</state><zip>20017
        </zip><longitude>-76.996484</longitude><latitude>38.932886</latitude><phone></phone><fax></fax><website></website><yearBuilt>0</yearBuilt></property><property><externalPropertyId>00000562</externalPropertyId><name>Monroe
        Street Market - Cornerstone</name><address>716 Monroe St NE</address><city>Washington</city><state>DC</state><zip>20017
        </zip><longitude>-76.995854</longitude><latitude>38.932511</latitude><phone></phone><fax></fax><website></website><yearBuilt>0</yearBuilt></property></return></getPropertiesResponse></S:Body></S:Envelope>
    http_version: 
  recorded_at: Fri, 08 Aug 2014 06:27:28 GMT
- request:
    method: post
    uri: http://<USERNAME>:<PASSWORD>@rmsws.yieldstar.com/rmsws/AppExchange
    body:
      encoding: US-ASCII
      string: <?xml version="1.0" encoding="UTF-8"?><env:Envelope xmlns:xsd="http://www.w3.org/2001/XMLSchema"
        xmlns:xsi="http://www.w3.org/2001/XMLSchema-instance" xmlns:wsdl="http://yieldstar.com/ws/AppExchange/v1"
        xmlns:env="http://schemas.xmlsoap.org/soap/envelope/"><env:Body><wsdl:getAvailableUnits><wsdl:request><wsdl:clientName>bozzuto</wsdl:clientName><wsdl:externalPropertyId>00000427</wsdl:externalPropertyId></wsdl:request></wsdl:getAvailableUnits></env:Body></env:Envelope>
    headers:
      Soapaction:
      - '"getAvailableUnits"'
      Content-Type:
      - text/xml;charset=UTF-8
      Content-Length:
      - '472'
      Accept:
      - '*/*'
      User-Agent:
      - Ruby
  response:
    status:
      code: 200
      message: OK
    headers:
      Server:
      - Apache-Coyote/1.1
      Content-Type:
      - text/xml;charset=utf-8
      Transfer-Encoding:
      - chunked
      Date:
      - Fri, 08 Aug 2014 06:29:54 GMT
    body:
      encoding: US-ASCII
      string: '<?xml version="1.0" ?><S:Envelope xmlns:S="http://schemas.xmlsoap.org/soap/envelope/"><S:Body><getAvailableUnitsResponse
        xmlns="http://yieldstar.com/ws/AppExchange/v1"><return><externalPropertyId>00000427</externalPropertyId><effectiveDate>2014-08-08</effectiveDate><floorPlan><floorPlanName>0B1B
        with Den</floorPlanName><unit><unitType>427aasd2</unitType><unitNumber>1107</unitNumber><feature>YSM:
        11th Floor</feature><status>OnNotice</status><dateAvailable>2014-09-13</dateAvailable><baseMarketRent>2552</baseMarketRent><baseConcession>0</baseConcession><baseFinalRent>2552</baseFinalRent><bestLeaseTerm>13</bestLeaseTerm><bestMarketRent>2538</bestMarketRent><bestConcession>0</bestConcession><bestFinalRent>2538</bestFinalRent></unit><unit><unitType>427aasd2</unitType><unitNumber>1007</unitNumber><feature>YSM:
        10th Floor</feature><status>OnNotice</status><dateAvailable>2014-09-01</dateAvailable><baseMarketRent>2542</baseMarketRent><baseConcession>0</baseConcession><baseFinalRent>2542</baseFinalRent><bestLeaseTerm>12</bestLeaseTerm><bestMarketRent>2542</bestMarketRent><bestConcession>0</bestConcession><bestFinalRent>2542</bestFinalRent></unit><bedRooms>0.0</bedRooms><bathRooms>1.0</bathRooms><sqFt>708</sqFt></floorPlan><floorPlan><floorPlanName>2B2B*</floorPlanName><unit><unitType>427bc5</unitType><unitNumber>1101</unitNumber><feature>YSM:
        01 Tier</feature><feature>YSM: Penn Avenue</feature><feature>YSM: Corner-6th</feature><feature>YSM:
        Wood Floors</feature><feature>YSM: 11th Floor</feature><feature>YSM: Corner
        Terrace</feature><status>Vacant</status><dateAvailable>2014-02-16</dateAvailable><baseMarketRent>5352</baseMarketRent><baseConcession>0</baseConcession><baseFinalRent>5352</baseFinalRent><bestLeaseTerm>12</bestLeaseTerm><bestMarketRent>5352</bestMarketRent><bestConcession>0</bestConcession><bestFinalRent>5352</bestFinalRent></unit><unit><unitType>427bc5</unitType><unitNumber>1201</unitNumber><feature>YSM:
        Corner Terrace</feature><feature>YSM: 01 Tier</feature><feature>YSM: 12th
        Floor</feature><feature>YSM: Corner-6th</feature><feature>YSM: Wood Floors</feature><feature>YSM:
        Penn Avenue</feature><status>OnNotice</status><dateAvailable>2014-08-30</dateAvailable><baseMarketRent>5595</baseMarketRent><baseConcession>0</baseConcession><baseFinalRent>5595</baseFinalRent><bestLeaseTerm>12</bestLeaseTerm><bestMarketRent>5595</bestMarketRent><bestConcession>0</bestConcession><bestFinalRent>5595</bestFinalRent></unit><bedRooms>2.0</bedRooms><bathRooms>2.0</bathRooms><sqFt>1257</sqFt></floorPlan><floorPlan><floorPlanName>1B1.5B*</floorPlanName><unit><unitType>427ab4</unitType><unitNumber>1011</unitNumber><feature>YSM:
        10th Floor</feature><status>OnNotice</status><dateAvailable>2014-09-12</dateAvailable><baseMarketRent>2799</baseMarketRent><baseConcession>0</baseConcession><baseFinalRent>2799</baseFinalRent><bestLeaseTerm>13</bestLeaseTerm><bestMarketRent>2785</bestMarketRent><bestConcession>0</bestConcession><bestFinalRent>2785</bestFinalRent></unit><unit><unitType>427ab7</unitType><unitNumber>0303</unitNumber><feature>YSM:
        6th Street</feature><status>OnNotice</status><dateAvailable>2014-10-07</dateAvailable><baseMarketRent>2815</baseMarketRent><baseConcession>0</baseConcession><baseFinalRent>2815</baseFinalRent><bestLeaseTerm>12</bestLeaseTerm><bestMarketRent>2815</bestMarketRent><bestConcession>0</bestConcession><bestFinalRent>2815</bestFinalRent></unit><bedRooms>1.0</bedRooms><bathRooms>1.5</bathRooms><sqFt>849</sqFt></floorPlan><floorPlan><floorPlanName>0B1B*</floorPlanName><unit><unitType>427aas5</unitType><unitNumber>0613</unitNumber><feature>YSM:
        C Street</feature><feature>YSM: 6th Floor</feature><status>OnNotice</status><dateAvailable>2014-08-30</dateAvailable><baseMarketRent>2188</baseMarketRent><baseConcession>0</baseConcession><baseFinalRent>2188</baseFinalRent><bestLeaseTerm>12</bestLeaseTerm><bestMarketRent>2188</bestMarketRent><bestConcession>0</bestConcession><bestFinalRent>2188</bestFinalRent></unit><unit><unitType>427aas5</unitType><unitNumber>0312</unitNumber><feature>YSM:
        C Street</feature><status>OnNotice</status><dateAvailable>2014-10-13</dateAvailable><baseMarketRent>2148</baseMarketRent><baseConcession>0</baseConcession><baseFinalRent>2148</baseFinalRent><bestLeaseTerm>12</bestLeaseTerm><bestMarketRent>2148</bestMarketRent><bestConcession>0</bestConcession><bestFinalRent>2148</bestFinalRent></unit><unit><unitType>427aas3</unitType><unitNumber>0509</unitNumber><feature>YSM:
        5th Floor</feature><status>OnNotice</status><dateAvailable>2014-09-15</dateAvailable><baseMarketRent>2030</baseMarketRent><baseConcession>0</baseConcession><baseFinalRent>2030</baseFinalRent><bestLeaseTerm>13</bestLeaseTerm><bestMarketRent>2019</bestMarketRent><bestConcession>0</bestConcession><bestFinalRent>2019</bestFinalRent></unit><unit><unitType>427aas3</unitType><unitNumber>1109</unitNumber><feature>YSM:
        11th Floor</feature><status>OnNotice</status><dateAvailable>2014-10-07</dateAvailable><baseMarketRent>2090</baseMarketRent><baseConcession>0</baseConcession><baseFinalRent>2090</baseFinalRent><bestLeaseTerm>12</bestLeaseTerm><bestMarketRent>2090</bestMarketRent><bestConcession>0</bestConcession><bestFinalRent>2090</bestFinalRent></unit><bedRooms>0.0</bedRooms><bathRooms>1.0</bathRooms><sqFt>499</sqFt></floorPlan></return></getAvailableUnitsResponse></S:Body></S:Envelope>'
    http_version: 
  recorded_at: Fri, 08 Aug 2014 06:27:30 GMT
- request:
    method: post
    uri: http://<USERNAME>:<PASSWORD>@rmsws.yieldstar.com/rmsws/AppExchange
    body:
      encoding: US-ASCII
      string: <?xml version="1.0" encoding="UTF-8"?><env:Envelope xmlns:xsd="http://www.w3.org/2001/XMLSchema"
        xmlns:xsi="http://www.w3.org/2001/XMLSchema-instance" xmlns:wsdl="http://yieldstar.com/ws/AppExchange/v1"
        xmlns:env="http://schemas.xmlsoap.org/soap/envelope/"><env:Body><wsdl:getRenewalLeaseTermRent><wsdl:request><wsdl:clientName>bozzuto</wsdl:clientName><wsdl:externalPropertyId>00000427</wsdl:externalPropertyId><wsdl:renewalLeaseTermRentUnitRequest><wsdl:unitNumber>1107</wsdl:unitNumber></wsdl:renewalLeaseTermRentUnitRequest></wsdl:request></wsdl:getRenewalLeaseTermRent></env:Body></env:Envelope>
    headers:
      Soapaction:
      - '"getRenewalLeaseTermRent"'
      Content-Type:
      - text/xml;charset=UTF-8
      Content-Length:
      - '600'
      Accept:
      - '*/*'
      User-Agent:
      - Ruby
  response:
    status:
      code: 200
      message: OK
    headers:
      Server:
      - Apache-Coyote/1.1
      Content-Type:
      - text/xml;charset=utf-8
      Transfer-Encoding:
      - chunked
      Date:
      - Fri, 08 Aug 2014 06:29:55 GMT
    body:
      encoding: US-ASCII
      string: <?xml version="1.0" ?><S:Envelope xmlns:S="http://schemas.xmlsoap.org/soap/envelope/"><S:Body><getRenewalLeaseTermRentResponse
        xmlns="http://yieldstar.com/ws/AppExchange/v1"><return><externalPropertyId>00000427</externalPropertyId><renewalLeaseTermRentUnitResponse><unitNumber>1107</unitNumber><unitRate><leaseTerm>13</leaseTerm><endDate>2015-09-03</endDate><marketRent>2531</marketRent><finalRent>2531</finalRent><best>false</best></unitRate><unitRate><leaseTerm>12</leaseTerm><endDate>2015-08-04</endDate><marketRent>2514</marketRent><finalRent>2514</finalRent><best>true</best></unitRate><unitRate><leaseTerm>11</leaseTerm><endDate>2015-07-05</endDate><marketRent>2628</marketRent><finalRent>2628</finalRent><best>false</best></unitRate><unitRate><leaseTerm>10</leaseTerm><endDate>2015-06-05</endDate><marketRent>2742</marketRent><finalRent>2742</finalRent><best>false</best></unitRate><unitRate><leaseTerm>9</leaseTerm><endDate>2015-05-06</endDate><marketRent>2825</marketRent><finalRent>2825</finalRent><best>false</best></unitRate><unitRate><leaseTerm>8</leaseTerm><endDate>2015-04-06</endDate><marketRent>2729</marketRent><finalRent>2729</finalRent><best>false</best></unitRate><unitRate><leaseTerm>7</leaseTerm><endDate>2015-03-07</endDate><marketRent>2787</marketRent><finalRent>2787</finalRent><best>false</best></unitRate><unitRate><leaseTerm>6</leaseTerm><endDate>2015-02-05</endDate><marketRent>2750</marketRent><finalRent>2750</finalRent><best>false</best></unitRate><unitRate><leaseTerm>5</leaseTerm><endDate>2015-01-06</endDate><marketRent>3153</marketRent><finalRent>3153</finalRent><best>false</best></unitRate><unitRate><leaseTerm>4</leaseTerm><endDate>2014-12-07</endDate><marketRent>3066</marketRent><finalRent>3066</finalRent><best>false</best></unitRate><unitRate><leaseTerm>3</leaseTerm><endDate>2014-11-07</endDate><marketRent>3701</marketRent><finalRent>3701</finalRent><best>false</best></unitRate><unitRate><leaseTerm>2</leaseTerm><endDate>2014-10-08</endDate><marketRent>3812</marketRent><finalRent>3812</finalRent><best>false</best></unitRate><unitRate><leaseTerm>1</leaseTerm><endDate>2014-09-08</endDate><marketRent>3812</marketRent><finalRent>3812</finalRent><best>false</best></unitRate></renewalLeaseTermRentUnitResponse></return></getRenewalLeaseTermRentResponse></S:Body></S:Envelope>
    http_version: 
  recorded_at: Fri, 08 Aug 2014 06:27:31 GMT
recorded_with: VCR 2.9.2
